// Jest Snapshot v1, https://goo.gl/fbAQLP

exports[`Filtering URL params should not be empty if active filters are present 1`] = `
Object {
  "active": "false",
}
`;

exports[`Filtering URL params should not be empty if active filters are present 2`] = `"active=false"`;
